// Jest Snapshot v1, https://goo.gl/fbAQLP

exports[`to check if it matches snapshot 1`] = `
<DocumentFragment>
  <div
    class="Dashboard"
  >
    <h1>
      Inventory
    </h1>
    <div
      class="loader"
    >
      <div
        class="spinner spinner-border text-primary"
      />
    </div>
  </div>
</DocumentFragment>
`;
